npm warn Unknown env config "http-proxy". This will stop working in the next major version of npm.

> guteneo@0.1.0 build
> npm run typecheck && npm run build:web && wrangler deploy --dry-run --outdir dist/worker

npm warn Unknown env config "http-proxy". This will stop working in the next major version of npm.

> guteneo@0.1.0 typecheck
> tsc --noEmit

npm warn Unknown env config "http-proxy". This will stop working in the next major version of npm.

> guteneo@0.1.0 build:web
> vite build --config apps/web/vite.config.ts

vite v8.3.0 building client environment for production...
transforming...
✓ 4746 modules transformed.
rendering chunks...
computing gzip size...
dist/web/index.html                                                0.71 kB │ gzip:   0.42 kB
dist/web/assets/ibm-plex-mono-latin-400-normal-CvHOgSBP.woff      13.14 kB
dist/web/assets/ibm-plex-mono-latin-400-normal-DMJ8VG8y.woff2     14.70 kB
dist/web/assets/ibm-plex-sans-latin-400-normal-CYLoc0-x.woff      22.10 kB
dist/web/assets/ibm-plex-sans-latin-400-normal-CDDApCn2.woff2     22.58 kB
dist/web/assets/eb-garamond-latin-400-normal-BCNrxLz_.woff2       23.82 kB
dist/web/assets/ibm-plex-sans-latin-600-normal-Cu4Hd6ag.woff      23.87 kB
dist/web/assets/ibm-plex-sans-latin-500-normal-BgVn5rGT.woff      23.91 kB
dist/web/assets/ibm-plex-sans-latin-500-normal-6ng42L7E.woff2     24.18 kB
dist/web/assets/ibm-plex-sans-latin-600-normal-CuJfVYMP.woff2     24.25 kB
dist/web/assets/eb-garamond-latin-500-normal-DehAIUv0.woff2       25.26 kB
dist/web/assets/eb-garamond-latin-400-italic-DSEbMgZu.woff2       25.38 kB
dist/web/assets/eb-garamond-latin-400-normal-maQnHeKB.woff        28.60 kB
dist/web/assets/eb-garamond-latin-500-normal-DZU8xF9o.woff        30.20 kB
dist/web/assets/eb-garamond-latin-400-italic-CDFyLPXJ.woff        30.86 kB
dist/web/assets/pdf.worker.min-Dswkl-cV.mjs                    1,265.41 kB
dist/web/assets/index-gtMdNEU7.css                                35.76 kB │ gzip:   7.87 kB
dist/web/assets/index-D0jHgL3b.js                                348.53 kB │ gzip: 101.54 kB
dist/web/assets/pdf-viewer-DpYjq27C.js                           854.25 kB │ gzip: 305.12 kB

✓ built in 959ms
[plugin builtin:vite-reporter]
(!) Some chunks are larger than 500 kB after minification. Consider:
- Using dynamic import() to code-split the application
- Use build.rolldownOptions.output.codeSplitting to improve chunking: https://rolldown.rs/reference/OutputOptions.codeSplitting
- Adjust chunk size limit for this warning via build.chunkSizeWarningLimit.
[33m▲ [43;33m[[43;30mWARNING[43;33m][0m [1mProxy environment variables detected. We'll use your proxy for fetch requests.[0m



 ⛅️ wrangler 4.132.0
────────────────────
✨ Read 23 files from the assets directory /workspace/scratch/98a2c853fa66/guteneo/dist/web
Total Upload: 2708.37 KiB / gzip: 582.51 KiB
Your Worker has access to the following bindings:
Binding                                                       Resource
env.DISPATCH_QUEUE (guteneo-local-interactive)                Queue
env.BULK_QUEUE (guteneo-local-bulk)                           Queue
env.DB (guteneo-local)                                        D1 Database
env.DOCUMENTS (guteneo-local-documents (eu))                  R2 Bucket
env.ASSETS                                                    Assets
env.ENVIRONMENT ("local")                                     Environment Variable
env.MODE ("simulation")                                       Environment Variable
env.APP_ORIGIN ("http://localhost:8787")                      Environment Variable
env.DOCUMENT_RENDERER_URL ("http://127.0.0.1:8788")           Environment Variable
env.LIVE_SENDS_ENABLED ("false")                              Environment Variable

--dry-run: exiting now.
